// Jest Snapshot v1, https://goo.gl/fbAQLP

exports[`Counter should render with default props 1`] = `
<View>
  <View
    accessibilityLiveRegion="assertive"
    size="medium"
    style={
      Array [
        Object {
          "alignItems": "center",
          "alignSelf": "flex-start",
          "backgroundColor": "#ffffff",
          "borderColor": "#bbbbbb",
          "borderRadius": 4,
          "borderWidth": 1,
          "flexDirection": "row",
          "height": 48,
        },
      ]
    }
    testID="counter"
  >
    <View
      accessibilityState={
        Object {
          "disabled": true,
        }
      }
      accessible={true}
      focusable={true}
      onClick={[Function]}
      onResponderGrant={[Function]}
      onResponderMove={[Function]}
      onResponderRelease={[Function]}
      onResponderTerminate={[Function]}
      onResponderTerminationRequest={[Function]}
      onStartShouldSetResponder={[Function]}
      style={
        Object {
          "borderRadius": 4,
        }
      }
      testID="touchable-ripple"
    >
      <View
        accessibilityRole="button"
        disabled={true}
        size="medium"
        style={
          Array [
            Object {
              "alignContent": "center",
              "alignItems": "center",
              "backgroundColor": "#FFFFFF00",
              "borderColor": "#FFFFFF00",
              "borderRadius": 4,
              "borderWidth": 0,
              "justifyContent": "center",
              "minHeight": 48,
              "paddingHorizontal": 16,
            },
            Object {},
          ]
        }
        testID="button"
        type="text"
      >
        <View
          iconPosition="right"
          style={
            Array [
              Object {
                "alignItems": "center",
                "flexDirection": "row",
              },
            ]
          }
        >
          <Text
            disabled={true}
            iconPosition="right"
            style={
              Array [
                Object {
                  "color": "#777777",
                  "fontFamily": "Roboto",
                  "fontSize": 14,
                  "fontWeight": "500",
                  "letterSpacing": 1.23,
                  "lineHeight": 19,
                  "marginEnd": 0,
                  "marginStart": 0,
                },
              ]
            }
            testID="button-label"
            type="text"
          >
            âˆ’
          </Text>
        </View>
      </View>
    </View>
    <TextInput
      editable={false}
      style={
        Array [
          Object {
            "borderColor": "#bbbbbb",
            "borderLeftWidth": 1,
            "borderRightWidth": 1,
            "color": "#333333",
            "fontFamily": "Roboto",
            "fontSize": 16,
            "fontWeight": "400",
            "height": "100%",
            "letterSpacing": 0.51,
            "lineHeight": 20,
            "paddingHorizontal": 16,
            "textAlign": "center",
            "width": 56,
          },
        ]
      }
      testID="counter-input"
      value="0"
    />
    <View
      accessibilityState={
        Object {
          "disabled": false,
        }
      }
      accessible={true}
      focusable={true}
      onClick={[Function]}
      onResponderGrant={[Function]}
      onResponderMove={[Function]}
      onResponderRelease={[Function]}
      onResponderTerminate={[Function]}
      onResponderTerminationRequest={[Function]}
      onStartShouldSetResponder={[Function]}
      style={
        Object {
          "borderRadius": 4,
        }
      }
      testID="touchable-ripple"
    >
      <View
        accessibilityRole="button"
        disabled={false}
        size="medium"
        style={
          Array [
            Object {
              "alignContent": "center",
              "alignItems": "center",
              "backgroundColor": "#FFFFFF00",
              "borderColor": "#FFFFFF00",
              "borderRadius": 4,
              "borderWidth": 0,
              "justifyContent": "center",
              "minHeight": 48,
              "paddingHorizontal": 16,
            },
            Object {},
          ]
        }
        testID="button"
        type="text"
      >
        <View
          iconPosition="right"
          style={
            Array [
              Object {
                "alignItems": "center",
                "flexDirection": "row",
              },
            ]
          }
        >
          <Text
            disabled={false}
            iconPosition="right"
            style={
              Array [
                Object {
                  "color": "#333333",
                  "fontFamily": "Roboto",
                  "fontSize": 14,
                  "fontWeight": "500",
                  "letterSpacing": 1.23,
                  "lineHeight": 19,
                  "marginEnd": 0,
                  "marginStart": 0,
                },
              ]
            }
            testID="button-label"
            type="text"
          >
            +
          </Text>
        </View>
      </View>
    </View>
  </View>
</View>
`;
