// Jest Snapshot v1, https://goo.gl/fbAQLP

exports[`NatMenuItem component default Should render NatMenuItem NatMenuItem : NatMenuItem snapshot 1`] = `
<View
  accessible={true}
  focusable={true}
  onClick={[Function]}
  onResponderGrant={[Function]}
  onResponderMove={[Function]}
  onResponderRelease={[Function]}
  onResponderTerminate={[Function]}
  onResponderTerminationRequest={[Function]}
  onStartShouldSetResponder={[Function]}
  style={
    Object {
      "alignItems": "center",
      "flexDirection": "row",
      "height": 48,
      "justifyContent": "space-between",
      "marginLeft": 16,
      "opacity": 1,
    }
  }
>
  <Text
    style={
      Array [
        Object {
          "alignSelf": "center",
          "color": "#333333",
          "flexBasis": 0,
          "flexGrow": 1,
          "flexShrink": 1,
          "marginLeft": 32,
        },
      ]
    }
    type="default"
  >
    Teste
  </Text>
</View>
`;
