// Jest Snapshot v1, https://goo.gl/fbAQLP

exports[`CircularIndicator component Should render circular indicator with default props correctly 1`] = `
<View
  collapsable={false}
  style={
    Object {
      "height": 24,
      "width": 24,
    }
  }
>
  <View
    style={
      Object {
        "alignItems": "center",
        "bottom": 0,
        "justifyContent": "center",
        "left": 0,
        "position": "absolute",
        "right": 0,
        "top": 0,
      }
    }
  >
    <View
      style={
        Object {
          "height": 24,
          "transform": Array [
            Object {
              "rotate": undefined,
            },
          ],
          "width": 24,
        }
      }
    >
      <View
        collapsable={false}
        style={
          Object {
            "height": 12,
            "overflow": "hidden",
            "width": 24,
          }
        }
      >
        <View
          collapsable={false}
          style={
            Object {
              "height": 12,
              "overflow": "hidden",
              "width": 24,
            }
          }
        >
          <View
            style={
              Object {
                "borderColor": "#F4AB34",
                "borderRadius": 12,
                "borderWidth": 2.4,
                "height": 24,
                "width": 24,
              }
            }
          />
        </View>
      </View>
    </View>
  </View>
</View>
`;
