// Jest Snapshot v1, https://goo.gl/fbAQLP

exports[`Snackbar should take a snapshot 1`] = `
Object {
  "props": Object {
    "message": "A short snackbar message",
    "onClose": [MockFunction],
    "open": true,
    "type": "standard",
  },
  "result": <View
    collapsable={false}
    nativeID="animatedComponent"
    style={
      Object {
        "alignItems": "center",
        "backgroundColor": "#333333",
        "borderRadius": 4,
        "bottom": 0,
        "elevation": 6,
        "flexDirection": "row",
        "flexWrap": "wrap",
        "justifyContent": "flex-end",
        "left": 0,
        "marginBottom": 16,
        "marginLeft": 16,
        "marginRight": 16,
        "opacity": 0,
        "position": "absolute",
        "right": 0,
        "shadowColor": "#000000",
        "shadowOffset": Object {
          "height": 6,
          "width": 0,
        },
        "shadowOpacity": 0.14,
        "shadowRadius": 10,
      }
    }
    testID="natds-snackbar-wrapper"
    type="standard"
  >
    <Text
      ellipsizeMode="tail"
      isTwoLineAction={false}
      numberOfLines={2}
      onTextLayout={[Function]}
      style={
        Array [
          Object {
            "color": "#ffffff",
            "flexGrow": 1,
            "fontFamily": "Roboto",
            "fontSize": 14,
            "fontWeight": "400",
            "letterSpacing": 0.22,
            "lineHeight": 21,
            "paddingBottom": 16,
            "paddingLeft": 16,
            "paddingRight": 16,
            "paddingTop": 16,
          },
        ]
      }
      testID="natds-snackbar-text"
      type="standard"
    >
      A short snackbar message
    </Text>
  </View>,
}
`;
