// Jest Snapshot v1, https://goo.gl/fbAQLP

exports[`List component Should render List component correctly: List snapshot 1`] = `
<View
  collapsable={true}
  pointerEvents="box-none"
  style={
    Object {
      "flex": 1,
    }
  }
>
  <ScrollView
    keyboardShouldPersistTaps="always"
  >
    <View>
      <View
        accessibilityRole="header"
        accessible={true}
        active={true}
        style={
          Array [
            Object {
              "backgroundColor": "#FFFFFF29",
              "flexBasis": 0,
              "flexGrow": 1,
              "flexShrink": 1,
              "paddingBottom": 0,
              "paddingLeft": 0,
              "paddingRight": 0,
              "paddingTop": 0,
            },
          ]
        }
        testID="listId"
      >
        <View
          hideIconLeft={true}
          hideIconRight={true}
          style={
            Array [
              Object {
                "alignItems": "center",
                "bottom": 0,
                "justifyContent": "center",
                "left": 0,
                "right": 0,
                "top": 0,
              },
            ]
          }
        >
          <
            style={
              Array [
                Object {
                  "alignSelf": "stretch",
                  "flexBasis": 0,
                  "flexGrow": 1,
                  "flexShrink": 1,
                  "justifyContent": "center",
                },
              ]
            }
            testID="listId-title"
          >
            <Text
              accessibilityLabel="Title Text"
              style={
                Array [
                  Object {
                    "color": "#FAF3E3",
                    "flexBasis": 0,
                    "flexGrow": 1,
                    "flexShrink": 1,
                    "fontSize": 16,
                    "justifyContent": "center",
                    "marginLeft": 0,
                    "paddingBottom": 12,
                    "paddingLeft": 16,
                    "paddingTop": 12,
                  },
                ]
              }
            >
              Title Text
            </Text>
          </>
        </View>
      </View>
      <View>
        <View
          style={
            Array [
              Object {
                "backgroundColor": "#FEEEEF",
                "height": 1,
                "width": "100%",
              },
            ]
          }
        />
      </View>
    </View>
    <View>
      <View
        accessibilityRole="header"
        accessible={true}
        active={false}
        style={
          Array [
            Object {
              "backgroundColor": "#FFFFFF29",
              "flexBasis": 0,
              "flexGrow": 1,
              "flexShrink": 1,
              "paddingBottom": 0,
              "paddingLeft": 0,
              "paddingRight": 0,
              "paddingTop": 0,
            },
          ]
        }
        testID="listId"
      >
        <View
          hideIconLeft={true}
          hideIconRight={true}
          style={
            Array [
              Object {
                "alignItems": "center",
                "bottom": 0,
                "justifyContent": "center",
                "left": 0,
                "right": 0,
                "top": 0,
              },
            ]
          }
        >
          <
            style={
              Array [
                Object {
                  "alignSelf": "stretch",
                  "flexBasis": 0,
                  "flexGrow": 1,
                  "flexShrink": 1,
                  "justifyContent": "center",
                },
              ]
            }
            testID="listId-title"
          >
            <Text
              accessibilityLabel="Title Text"
              style={
                Array [
                  Object {
                    "color": "#FAF3E3",
                    "flexBasis": 0,
                    "flexGrow": 1,
                    "flexShrink": 1,
                    "fontSize": 16,
                    "justifyContent": "center",
                    "marginLeft": 0,
                    "paddingBottom": 12,
                    "paddingLeft": 16,
                    "paddingTop": 12,
                  },
                ]
              }
            >
              Title Text
            </Text>
          </>
        </View>
      </View>
      <View>
        <View
          style={
            Array [
              Object {
                "backgroundColor": "#FEEEEF",
                "height": 1,
                "width": "100%",
              },
            ]
          }
        />
      </View>
    </View>
    <View>
      <View
        accessibilityRole="header"
        accessible={true}
        active={false}
        style={
          Array [
            Object {
              "backgroundColor": "#FFFFFF29",
              "flexBasis": 0,
              "flexGrow": 1,
              "flexShrink": 1,
              "paddingBottom": 0,
              "paddingLeft": 0,
              "paddingRight": 0,
              "paddingTop": 0,
            },
          ]
        }
        testID="listId"
      >
        <View
          hideIconLeft={true}
          hideIconRight={true}
          style={
            Array [
              Object {
                "alignItems": "center",
                "bottom": 0,
                "justifyContent": "center",
                "left": 0,
                "right": 0,
                "top": 0,
              },
            ]
          }
        >
          <
            style={
              Array [
                Object {
                  "alignSelf": "stretch",
                  "flexBasis": 0,
                  "flexGrow": 1,
                  "flexShrink": 1,
                  "justifyContent": "center",
                },
              ]
            }
            testID="listId-title"
          >
            <Text
              accessibilityLabel="Title Text"
              style={
                Array [
                  Object {
                    "color": "#FAF3E3",
                    "flexBasis": 0,
                    "flexGrow": 1,
                    "flexShrink": 1,
                    "fontSize": 16,
                    "justifyContent": "center",
                    "marginLeft": 0,
                    "paddingBottom": 12,
                    "paddingLeft": 16,
                    "paddingTop": 12,
                  },
                ]
              }
            >
              Title Text
            </Text>
          </>
        </View>
      </View>
      <View>
        <View
          style={
            Array [
              Object {
                "backgroundColor": "#FEEEEF",
                "height": 1,
                "width": "100%",
              },
            ]
          }
        />
      </View>
    </View>
    <View>
      <View
        accessibilityRole="header"
        accessible={true}
        active={false}
        style={
          Array [
            Object {
              "backgroundColor": "#FFFFFF29",
              "flexBasis": 0,
              "flexGrow": 1,
              "flexShrink": 1,
              "paddingBottom": 0,
              "paddingLeft": 0,
              "paddingRight": 0,
              "paddingTop": 0,
            },
          ]
        }
        testID="listId"
      >
        <View
          hideIconLeft={true}
          hideIconRight={true}
          style={
            Array [
              Object {
                "alignItems": "center",
                "bottom": 0,
                "justifyContent": "center",
                "left": 0,
                "right": 0,
                "top": 0,
              },
            ]
          }
        >
          <
            style={
              Array [
                Object {
                  "alignSelf": "stretch",
                  "flexBasis": 0,
                  "flexGrow": 1,
                  "flexShrink": 1,
                  "justifyContent": "center",
                },
              ]
            }
            testID="listId-title"
          >
            <Text
              accessibilityLabel="Title Text"
              style={
                Array [
                  Object {
                    "color": "#FAF3E3",
                    "flexBasis": 0,
                    "flexGrow": 1,
                    "flexShrink": 1,
                    "fontSize": 16,
                    "justifyContent": "center",
                    "marginLeft": 0,
                    "paddingBottom": 12,
                    "paddingLeft": 16,
                    "paddingTop": 12,
                  },
                ]
              }
            >
              Title Text
            </Text>
          </>
        </View>
      </View>
      <View>
        <View
          style={
            Array [
              Object {
                "backgroundColor": "#FEEEEF",
                "height": 1,
                "width": "100%",
              },
            ]
          }
        />
      </View>
    </View>
  </ScrollView>
</View>
`;
