// Jest Snapshot v1, https://goo.gl/fbAQLP

exports[`ProgressIndicator component circular Should render circular progress correctly 1`] = `
<CircularProgress
  color="primary"
  size={24}
/>
`;
