// Jest Snapshot v1, https://goo.gl/fbAQLP

exports[`Link component should take a snapshot 1`] = `
<Text
  onPress={[MockFunction]}
  style={
    Array [
      Object {
        "color": "#227bbd",
        "textDecorationLine": "none",
      },
    ]
  }
  testID="link"
  type="standard"
>
  something
</Text>
`;
