// Jest Snapshot v1, https://goo.gl/fbAQLP

exports[`Logo component should render correctly with default props 1`] = `
<View
  style={
    Array [
      Object {
        "alignItems": "center",
        "flexBasis": 0,
        "flexGrow": 1,
        "flexShrink": 1,
        "justifyContent": "center",
      },
    ]
  }
>
  <RNSVGSvgView
    accessibilityRole="image"
    accessible={false}
    align="xMidYMid"
    bbHeight={55}
    bbWidth={256}
    fill="none"
    focusable={false}
    height={55}
    meetOrSlice={0}
    minX={0}
    minY={0}
    style={
      Array [
        Object {
          "backgroundColor": "transparent",
          "borderWidth": 0,
        },
        Object {
          "flex": 0,
          "height": 55,
          "width": 256,
        },
      ]
    }
    testID="logo"
    vbHeight={55}
    vbWidth={256}
    width={256}
    xml="<svg width=\\"256\\" height=\\"55\\" viewBox=\\"0 0 256 55\\" fill=\\"none\\" xmlns=\\"http://www.w3.org/2000/svg\\" xmlns:xlink=\\"http://www.w3.org/1999/xlink\\"><path d=\\"M98.111 22.52c10.461 0 15.26 6.523 15.26 12.922v13.906h-6.645V35.442c0-3.938-2.339-10.337-8.615-10.337-6.399 0-8.614 6.399-8.614 10.337v13.906h-6.522V35.442c-.123-6.4 4.676-12.922 15.136-12.922zM188.686 49.717c-10.461 0-15.261-6.522-15.261-12.921V23.012h6.522V36.92c0 3.938 2.339 10.337 8.616 10.337 6.398 0 8.614-6.4 8.614-10.337V23.013h6.522v13.905c.123 6.277-4.676 12.799-15.013 12.799zM139.952 47.379c-1.354 1.107-3.199 1.969-5.291 2.215-6.646.984-15.875-3.323-16.245-12.922-.369-9.844 9.354-14.029 15.753-13.782 10.706.246 14.52 8.368 14.52 12.921v13.537h-6.645V35.934c0-2.953-1.354-10.46-8.122-10.583-6.645-.123-8.737 6.03-8.86 10.583 0 2.954.615 10.091 8.245 10.583 2.338.123 5.66-.492 6.522-1.353v2.215h.123zM169.364 53.163c-.861.369-3.322.861-6.03.123-3.077-.739-8.245-2.215-8.245-12.799V11.2h6.645v11.567h6.154v4.308h-6.154s.123 8.245 0 14.89c-.123 5.907 1.723 8 2.954 8.614 1.6.862 4.308.493 4.554.247v2.338h.122zM210.097 34.58c0-6.522 3.323-11.075 9.354-11.69 4.183-.37 5.66.369 5.66.369v2.584s-2.215-.615-4.677.123c-2.706.862-3.814 4.923-3.814 6.276v17.229h-6.523v-14.89zM247.263 47.379c-1.354 1.107-3.2 1.969-5.293 2.215-6.644.984-15.874-3.323-16.243-12.922-.369-9.844 9.352-14.029 15.751-13.782C252.185 23.136 256 31.258 256 35.81v13.537h-6.645V35.934c0-2.953-1.354-10.46-8.123-10.583-6.645-.123-8.737 6.03-8.86 10.583 0 2.954.615 10.091 8.246 10.583 2.337.123 5.66-.492 6.522-1.353v2.215h.123z\\" fill=\\"#FF6C0E\\"/><path d=\\"M35.965 23.628c.738-2.215 1.107-3.446 2.461-7.753 1.6-5.415 5.292-9.722 11.076-7.876 6.768 2.092 5.168 8.86 4.06 11.691-.86 2.215-1.599 4.553-3.076 8.245-1.107 2.954 1.354 3.077 2.708 2.83 1.476-.369 5.907-2.584 8.737-3.937 2.092-.985 5.907-3.2 8-.985 2.214 2.215-.247 6.03-2.831 8.368-2.585 2.338-9.476 5.169-11.568 6.03-2.092.862-2.954 2.092-1.846 2.708.984.615 4.061 1.23 5.045 1.23.739.123 1.477.246 1.477.862 0 .615-1.723 1.969-5.907 3.446-2.215.738-6.4 1.23-8.737.86-3.692-.614-4.184-1.23-5.907-.614-1.23.492-1.354 1.476-3.2 2.215-1.846.738-4.553.615-6.645.246-2.092-.37-5.661-.739-6.03-2.338-.123-.616.615-1.108 1.23-1.723.616-.616 1.108-1.97-1.476-2.462-1.108-.369-8.369-1.6-12.799-3.814-4.553-2.339-6.276-5.784-5.784-7.015.37-.984 1.354-1.108 2.83-.861 1.6.246 8.492 2.215 10.584 2.215.861 0 1.477-.123 1.846-.739.861-1.476-1.723-3.2-3.815-5.66-2.953-3.57-8.737-9.476-4.43-14.768 2.83-3.446 8.491-1.23 10.83 1.477 1.845 2.092 4.922 6.276 7.26 9.23.985 1.107 1.969 1.722 2.953 1.722 1.231-.246 2.338-1.107 2.954-2.83zm-.492-16.121c-1.723 3.2-3.692 10.214-3.692 10.214s-.123.492-.492-.123c-.247-.37-3.077-4.184-4.43-5.907-1.6-1.97-8.861-9.599-17.106-5.292-7.507 3.938-4.677 13.414-2.338 16.983 1.353 2.215 4.06 5.538 4.799 6.522.123.123.123.246-.123.123-.615-.123-2.338-.615-5.415-1.354-2.707-.738-5.415-.615-6.153.616-.615.861-.861 2.215.246 4.184 2.215 3.938 8.245 10.214 18.213 12.183.246 0 .123.246 0 .492-.615 1.108-.246 1.97.123 2.585 1.477 1.723 3.077 2.46 9.722 3.568 9.107 1.6 12.43-1.476 12.799-1.969h.123c1.477.37 7.26 1.723 14.152-1.23 6.4-2.707 8.86-5.169 8.86-6.646 0-1.353-3.322-1.23-4.307-1.476-.246-.123-.246-.246 0-.37.492-.246 1.6-.738 2.462-1.23.984-.492 10.214-5.169 12.06-13.045s-5.292-7.999-9.23-6.276c-3.815 1.6-7.507 3.446-8.368 3.815-.123 0-.123 0-.123-.123.369-.861 1.722-4.43 2.46-7.63.862-3.692.493-14.029-9.721-15.875A11.039 11.039 0 0 0 47.779 0c-4.677 0-9.722 2.707-12.306 7.507z\\" fill=\\"url(#a)\\"/><defs><pattern id=\\"a\\" patternContentUnits=\\"objectBoundingBox\\" width=\\"1\\" height=\\"1\\"><use xlink:href=\\"#b\\" transform=\\"matrix(.01299 0 0 .01853 0 0)\\"/></pattern><image id=\\"b\\" width=\\"77\\" height=\\"54\\" xlink:href=\\"https://cdn.jsdelivr.net/npm/@naturacosmeticos/natds-themes@latest/dist/assets/natura-a-official-embed-image-0.png\\"/></defs></svg>"
    xmlns="http://www.w3.org/2000/svg"
    xmlnsXlink="http://www.w3.org/1999/xlink"
  >
    <RNSVGGroup
      fill={null}
      propList={
        Array [
          "fill",
        ]
      }
    >
      <RNSVGPath
        d="M98.111 22.52c10.461 0 15.26 6.523 15.26 12.922v13.906h-6.645V35.442c0-3.938-2.339-10.337-8.615-10.337-6.399 0-8.614 6.399-8.614 10.337v13.906h-6.522V35.442c-.123-6.4 4.676-12.922 15.136-12.922zM188.686 49.717c-10.461 0-15.261-6.522-15.261-12.921V23.012h6.522V36.92c0 3.938 2.339 10.337 8.616 10.337 6.398 0 8.614-6.4 8.614-10.337V23.013h6.522v13.905c.123 6.277-4.676 12.799-15.013 12.799zM139.952 47.379c-1.354 1.107-3.199 1.969-5.291 2.215-6.646.984-15.875-3.323-16.245-12.922-.369-9.844 9.354-14.029 15.753-13.782 10.706.246 14.52 8.368 14.52 12.921v13.537h-6.645V35.934c0-2.953-1.354-10.46-8.122-10.583-6.645-.123-8.737 6.03-8.86 10.583 0 2.954.615 10.091 8.245 10.583 2.338.123 5.66-.492 6.522-1.353v2.215h.123zM169.364 53.163c-.861.369-3.322.861-6.03.123-3.077-.739-8.245-2.215-8.245-12.799V11.2h6.645v11.567h6.154v4.308h-6.154s.123 8.245 0 14.89c-.123 5.907 1.723 8 2.954 8.614 1.6.862 4.308.493 4.554.247v2.338h.122zM210.097 34.58c0-6.522 3.323-11.075 9.354-11.69 4.183-.37 5.66.369 5.66.369v2.584s-2.215-.615-4.677.123c-2.706.862-3.814 4.923-3.814 6.276v17.229h-6.523v-14.89zM247.263 47.379c-1.354 1.107-3.2 1.969-5.293 2.215-6.644.984-15.874-3.323-16.243-12.922-.369-9.844 9.352-14.029 15.751-13.782C252.185 23.136 256 31.258 256 35.81v13.537h-6.645V35.934c0-2.953-1.354-10.46-8.123-10.583-6.645-.123-8.737 6.03-8.86 10.583 0 2.954.615 10.091 8.246 10.583 2.337.123 5.66-.492 6.522-1.353v2.215h.123z"
        fill={4294929422}
        propList={
          Array [
            "fill",
          ]
        }
      />
      <RNSVGPath
        d="M35.965 23.628c.738-2.215 1.107-3.446 2.461-7.753 1.6-5.415 5.292-9.722 11.076-7.876 6.768 2.092 5.168 8.86 4.06 11.691-.86 2.215-1.599 4.553-3.076 8.245-1.107 2.954 1.354 3.077 2.708 2.83 1.476-.369 5.907-2.584 8.737-3.937 2.092-.985 5.907-3.2 8-.985 2.214 2.215-.247 6.03-2.831 8.368-2.585 2.338-9.476 5.169-11.568 6.03-2.092.862-2.954 2.092-1.846 2.708.984.615 4.061 1.23 5.045 1.23.739.123 1.477.246 1.477.862 0 .615-1.723 1.969-5.907 3.446-2.215.738-6.4 1.23-8.737.86-3.692-.614-4.184-1.23-5.907-.614-1.23.492-1.354 1.476-3.2 2.215-1.846.738-4.553.615-6.645.246-2.092-.37-5.661-.739-6.03-2.338-.123-.616.615-1.108 1.23-1.723.616-.616 1.108-1.97-1.476-2.462-1.108-.369-8.369-1.6-12.799-3.814-4.553-2.339-6.276-5.784-5.784-7.015.37-.984 1.354-1.108 2.83-.861 1.6.246 8.492 2.215 10.584 2.215.861 0 1.477-.123 1.846-.739.861-1.476-1.723-3.2-3.815-5.66-2.953-3.57-8.737-9.476-4.43-14.768 2.83-3.446 8.491-1.23 10.83 1.477 1.845 2.092 4.922 6.276 7.26 9.23.985 1.107 1.969 1.722 2.953 1.722 1.231-.246 2.338-1.107 2.954-2.83zm-.492-16.121c-1.723 3.2-3.692 10.214-3.692 10.214s-.123.492-.492-.123c-.247-.37-3.077-4.184-4.43-5.907-1.6-1.97-8.861-9.599-17.106-5.292-7.507 3.938-4.677 13.414-2.338 16.983 1.353 2.215 4.06 5.538 4.799 6.522.123.123.123.246-.123.123-.615-.123-2.338-.615-5.415-1.354-2.707-.738-5.415-.615-6.153.616-.615.861-.861 2.215.246 4.184 2.215 3.938 8.245 10.214 18.213 12.183.246 0 .123.246 0 .492-.615 1.108-.246 1.97.123 2.585 1.477 1.723 3.077 2.46 9.722 3.568 9.107 1.6 12.43-1.476 12.799-1.969h.123c1.477.37 7.26 1.723 14.152-1.23 6.4-2.707 8.86-5.169 8.86-6.646 0-1.353-3.322-1.23-4.307-1.476-.246-.123-.246-.246 0-.37.492-.246 1.6-.738 2.462-1.23.984-.492 10.214-5.169 12.06-13.045s-5.292-7.999-9.23-6.276c-3.815 1.6-7.507 3.446-8.368 3.815-.123 0-.123 0-.123-.123.369-.861 1.722-4.43 2.46-7.63.862-3.692.493-14.029-9.721-15.875A11.039 11.039 0 0 0 47.779 0c-4.677 0-9.722 2.707-12.306 7.507z"
        fill={
          Array [
            1,
            "a",
          ]
        }
        propList={
          Array [
            "fill",
          ]
        }
      />
      <RNSVGDefs>
        <RNSVGPattern
          height={1}
          matrix={
            Array [
              1,
              0,
              0,
              1,
              0,
              0,
            ]
          }
          name="a"
          patternContentUnits={0}
          patternTransform={
            Array [
              1,
              0,
              0,
              1,
              0,
              0,
            ]
          }
          patternUnits={0}
          width={1}
          x="0%"
          y="0%"
        >
          <RNSVGUse
            height={0}
            href="b"
            matrix={
              Array [
                0.01299,
                0,
                0,
                0.01853,
                0,
                0,
              ]
            }
            width={0}
            x={0}
            y={0}
          />
        </RNSVGPattern>
        <RNSVGImage
          align="xMidYMid"
          height={54}
          meetOrSlice={0}
          name="b"
          src={
            Object {
              "uri": "https://cdn.jsdelivr.net/npm/@naturacosmeticos/natds-themes@latest/dist/assets/natura-a-official-embed-image-0.png",
            }
          }
          width={77}
          x={0}
          y={0}
        />
      </RNSVGDefs>
    </RNSVGGroup>
  </RNSVGSvgView>
</View>
`;

exports[`Logo component should render correctly with given color 1`] = `
<View
  style={
    Array [
      Object {
        "alignItems": "center",
        "flexBasis": 0,
        "flexGrow": 1,
        "flexShrink": 1,
        "justifyContent": "center",
      },
    ]
  }
>
  <RNSVGSvgView
    accessibilityRole="image"
    accessible={false}
    align="xMidYMid"
    bbHeight={55}
    bbWidth={256}
    focusable={false}
    height={55}
    meetOrSlice={0}
    minX={0}
    minY={0}
    style={
      Array [
        Object {
          "backgroundColor": "transparent",
          "borderWidth": 0,
        },
        Object {
          "flex": 0,
          "height": 55,
          "width": 256,
        },
      ]
    }
    testID="logo"
    vbHeight={55}
    vbWidth={256}
    width={256}
    xml="<svg width=\\"256\\" height=\\"55\\" viewBox=\\"0 0 256 55\\"  xmlns=\\"http://www.w3.org/2000/svg\\">
    <style>
      path { fill: #f4ab34 }
    </style>
    <path d=\\"M98.111 22.52c10.461 0 15.26 6.523 15.26 12.922v13.906h-6.645V35.442c0-3.938-2.339-10.337-8.615-10.337-6.399 0-8.614 6.399-8.614 10.337v13.906h-6.522V35.442c-.123-6.4 4.676-12.922 15.136-12.922zM188.686 49.717c-10.461 0-15.261-6.522-15.261-12.921V23.013h6.522v13.905c0 3.939 2.339 10.338 8.616 10.338 6.398 0 8.614-6.4 8.614-10.337V23.013h6.522v13.905c.123 6.277-4.676 12.799-15.013 12.799zM139.952 47.379c-1.353 1.107-3.199 1.969-5.291 2.215-6.645.984-15.875-3.323-16.244-12.922-.37-9.844 9.353-14.029 15.752-13.782 10.706.246 14.521 8.368 14.521 12.921v13.537h-6.646V35.934c0-2.953-1.354-10.46-8.122-10.583-6.644-.123-8.737 6.03-8.86 10.583 0 2.954.616 10.091 8.245 10.583 2.339.123 5.66-.492 6.522-1.353v2.215h.123zM169.364 53.163c-.861.369-3.322.861-6.03.123-3.077-.739-8.245-2.215-8.245-12.799V11.2h6.645v11.567h6.154v4.308h-6.154s.123 8.245 0 14.89c-.123 5.907 1.723 8 2.954 8.614 1.6.862 4.308.493 4.554.247v2.338h.122zM210.097 34.58c0-6.522 3.323-11.075 9.354-11.69 4.183-.37 5.66.369 5.66.369v2.584s-2.215-.615-4.677.123c-2.706.862-3.814 4.923-3.814 6.276v17.229h-6.523v-14.89zM247.263 47.379c-1.354 1.107-3.2 1.969-5.293 2.215-6.644.984-15.874-3.323-16.243-12.922-.369-9.844 9.352-14.029 15.751-13.782C252.185 23.136 256 31.258 256 35.81v13.537h-6.645V35.934c0-2.953-1.354-10.46-8.123-10.583-6.645-.123-8.737 6.03-8.86 10.583 0 2.954.615 10.091 8.246 10.583 2.337.123 5.66-.492 6.522-1.353v2.215h.123zM35.965 23.628c.738-2.215 1.107-3.446 2.461-7.753 1.6-5.415 5.292-9.722 11.076-7.876 6.768 2.092 5.168 8.86 4.06 11.691-.86 2.215-1.599 4.553-3.076 8.245-1.107 2.954 1.354 3.077 2.708 2.83 1.476-.369 5.907-2.584 8.737-3.937 2.092-.985 5.907-3.2 8-.985 2.214 2.215-.247 6.03-2.831 8.368-2.585 2.338-9.476 5.169-11.568 6.03-2.092.862-2.954 2.092-1.846 2.708.984.615 4.061 1.23 5.045 1.23.739.123 1.477.246 1.477.862 0 .615-1.723 1.969-5.907 3.446-2.215.738-6.4 1.23-8.737.86-3.692-.614-4.184-1.23-5.907-.614-1.23.492-1.354 1.476-3.2 2.215-1.846.738-4.553.615-6.645.246-2.092-.37-5.661-.739-6.03-2.338-.123-.616.615-1.108 1.23-1.723.616-.616 1.108-1.97-1.476-2.462-1.108-.369-8.369-1.6-12.799-3.814-4.553-2.339-6.276-5.784-5.784-7.015.37-.984 1.354-1.108 2.83-.861 1.6.246 8.492 2.215 10.584 2.215.861 0 1.477-.123 1.846-.739.861-1.476-1.723-3.2-3.815-5.66-2.953-3.57-8.737-9.476-4.43-14.768 2.83-3.446 8.491-1.23 10.83 1.477 1.845 2.092 4.922 6.276 7.26 9.23.985 1.107 1.969 1.722 2.953 1.722 1.231-.246 2.338-1.107 2.954-2.83zm-.492-16.121c-1.723 3.2-3.692 10.214-3.692 10.214s-.123.492-.492-.123c-.247-.37-3.077-4.184-4.43-5.907-1.6-1.97-8.861-9.599-17.106-5.292-7.507 3.938-4.677 13.414-2.338 16.983 1.353 2.215 4.06 5.538 4.799 6.522.123.123.123.246-.123.123-.615-.123-2.338-.615-5.415-1.354-2.707-.738-5.415-.615-6.153.616-.615.861-.861 2.215.246 4.184 2.215 3.938 8.245 10.214 18.213 12.183.246 0 .123.246 0 .492-.615 1.108-.246 1.97.123 2.585 1.477 1.723 3.077 2.46 9.722 3.568 9.107 1.6 12.43-1.476 12.799-1.969h.123c1.477.37 7.26 1.723 14.152-1.23 6.4-2.707 8.86-5.169 8.86-6.646 0-1.353-3.322-1.23-4.307-1.476-.246-.123-.246-.246 0-.37.492-.246 1.6-.738 2.462-1.23.984-.492 10.214-5.169 12.06-13.045s-5.292-7.999-9.23-6.276c-3.815 1.6-7.507 3.446-8.368 3.815-.123 0-.123 0-.123-.123.369-.861 1.722-4.43 2.46-7.63.862-3.692.493-14.029-9.721-15.875A11.039 11.039 0 0 0 47.779 0c-4.677 0-9.722 2.707-12.306 7.507z\\" /></svg>"
    xmlns="http://www.w3.org/2000/svg"
  >
    <RNSVGGroup>
      <RNSVGPath
        d="M98.111 22.52c10.461 0 15.26 6.523 15.26 12.922v13.906h-6.645V35.442c0-3.938-2.339-10.337-8.615-10.337-6.399 0-8.614 6.399-8.614 10.337v13.906h-6.522V35.442c-.123-6.4 4.676-12.922 15.136-12.922zM188.686 49.717c-10.461 0-15.261-6.522-15.261-12.921V23.013h6.522v13.905c0 3.939 2.339 10.338 8.616 10.338 6.398 0 8.614-6.4 8.614-10.337V23.013h6.522v13.905c.123 6.277-4.676 12.799-15.013 12.799zM139.952 47.379c-1.353 1.107-3.199 1.969-5.291 2.215-6.645.984-15.875-3.323-16.244-12.922-.37-9.844 9.353-14.029 15.752-13.782 10.706.246 14.521 8.368 14.521 12.921v13.537h-6.646V35.934c0-2.953-1.354-10.46-8.122-10.583-6.644-.123-8.737 6.03-8.86 10.583 0 2.954.616 10.091 8.245 10.583 2.339.123 5.66-.492 6.522-1.353v2.215h.123zM169.364 53.163c-.861.369-3.322.861-6.03.123-3.077-.739-8.245-2.215-8.245-12.799V11.2h6.645v11.567h6.154v4.308h-6.154s.123 8.245 0 14.89c-.123 5.907 1.723 8 2.954 8.614 1.6.862 4.308.493 4.554.247v2.338h.122zM210.097 34.58c0-6.522 3.323-11.075 9.354-11.69 4.183-.37 5.66.369 5.66.369v2.584s-2.215-.615-4.677.123c-2.706.862-3.814 4.923-3.814 6.276v17.229h-6.523v-14.89zM247.263 47.379c-1.354 1.107-3.2 1.969-5.293 2.215-6.644.984-15.874-3.323-16.243-12.922-.369-9.844 9.352-14.029 15.751-13.782C252.185 23.136 256 31.258 256 35.81v13.537h-6.645V35.934c0-2.953-1.354-10.46-8.123-10.583-6.645-.123-8.737 6.03-8.86 10.583 0 2.954.615 10.091 8.246 10.583 2.337.123 5.66-.492 6.522-1.353v2.215h.123zM35.965 23.628c.738-2.215 1.107-3.446 2.461-7.753 1.6-5.415 5.292-9.722 11.076-7.876 6.768 2.092 5.168 8.86 4.06 11.691-.86 2.215-1.599 4.553-3.076 8.245-1.107 2.954 1.354 3.077 2.708 2.83 1.476-.369 5.907-2.584 8.737-3.937 2.092-.985 5.907-3.2 8-.985 2.214 2.215-.247 6.03-2.831 8.368-2.585 2.338-9.476 5.169-11.568 6.03-2.092.862-2.954 2.092-1.846 2.708.984.615 4.061 1.23 5.045 1.23.739.123 1.477.246 1.477.862 0 .615-1.723 1.969-5.907 3.446-2.215.738-6.4 1.23-8.737.86-3.692-.614-4.184-1.23-5.907-.614-1.23.492-1.354 1.476-3.2 2.215-1.846.738-4.553.615-6.645.246-2.092-.37-5.661-.739-6.03-2.338-.123-.616.615-1.108 1.23-1.723.616-.616 1.108-1.97-1.476-2.462-1.108-.369-8.369-1.6-12.799-3.814-4.553-2.339-6.276-5.784-5.784-7.015.37-.984 1.354-1.108 2.83-.861 1.6.246 8.492 2.215 10.584 2.215.861 0 1.477-.123 1.846-.739.861-1.476-1.723-3.2-3.815-5.66-2.953-3.57-8.737-9.476-4.43-14.768 2.83-3.446 8.491-1.23 10.83 1.477 1.845 2.092 4.922 6.276 7.26 9.23.985 1.107 1.969 1.722 2.953 1.722 1.231-.246 2.338-1.107 2.954-2.83zm-.492-16.121c-1.723 3.2-3.692 10.214-3.692 10.214s-.123.492-.492-.123c-.247-.37-3.077-4.184-4.43-5.907-1.6-1.97-8.861-9.599-17.106-5.292-7.507 3.938-4.677 13.414-2.338 16.983 1.353 2.215 4.06 5.538 4.799 6.522.123.123.123.246-.123.123-.615-.123-2.338-.615-5.415-1.354-2.707-.738-5.415-.615-6.153.616-.615.861-.861 2.215.246 4.184 2.215 3.938 8.245 10.214 18.213 12.183.246 0 .123.246 0 .492-.615 1.108-.246 1.97.123 2.585 1.477 1.723 3.077 2.46 9.722 3.568 9.107 1.6 12.43-1.476 12.799-1.969h.123c1.477.37 7.26 1.723 14.152-1.23 6.4-2.707 8.86-5.169 8.86-6.646 0-1.353-3.322-1.23-4.307-1.476-.246-.123-.246-.246 0-.37.492-.246 1.6-.738 2.462-1.23.984-.492 10.214-5.169 12.06-13.045s-5.292-7.999-9.23-6.276c-3.815 1.6-7.507 3.446-8.368 3.815-.123 0-.123 0-.123-.123.369-.861 1.722-4.43 2.46-7.63.862-3.692.493-14.029-9.721-15.875A11.039 11.039 0 0 0 47.779 0c-4.677 0-9.722 2.707-12.306 7.507z"
        fill={4294224692}
        propList={
          Array [
            "fill",
          ]
        }
      />
    </RNSVGGroup>
  </RNSVGSvgView>
</View>
`;

exports[`Logo component should render correctly with given model 1`] = `
<View
  style={
    Array [
      Object {
        "alignItems": "center",
        "flexBasis": 0,
        "flexGrow": 1,
        "flexShrink": 1,
        "justifyContent": "center",
      },
    ]
  }
>
  <RNSVGSvgView
    accessibilityRole="image"
    accessible={false}
    align="xMidYMid"
    bbHeight={192}
    bbWidth={256}
    fill="none"
    focusable={false}
    height={192}
    meetOrSlice={0}
    minX={0}
    minY={0}
    style={
      Array [
        Object {
          "backgroundColor": "transparent",
          "borderWidth": 0,
        },
        Object {
          "flex": 0,
          "height": 192,
          "width": 256,
        },
      ]
    }
    testID="logo"
    vbHeight={192}
    vbWidth={256}
    width={256}
    xml="<svg width=\\"256\\" height=\\"192\\" viewBox=\\"0 0 256 192\\" fill=\\"none\\" xmlns=\\"http://www.w3.org/2000/svg\\" xmlns:xlink=\\"http://www.w3.org/1999/xlink\\"><g clip-path=\\"url(#clip0)\\"><path d=\\"M22.523 145.558c15.385 0 22.523 9.723 22.523 19.077v20.677h-9.723v-20.677c0-5.908-3.446-15.385-12.8-15.385-9.477 0-12.8 9.477-12.8 15.385v20.677H0v-20.677c0-9.354 7.138-19.077 22.523-19.077zM156.431 185.927c-15.385 0-22.523-9.723-22.523-19.077v-20.676h9.723v20.676c0 5.908 3.446 15.385 12.8 15.385 9.354 0 12.8-9.477 12.8-15.385v-20.676h9.723v20.676c0 9.354-7.139 19.077-22.523 19.077zM84.308 182.481c-2.093 1.6-4.677 2.831-7.877 3.323-9.846 1.6-23.508-4.923-24-19.2-.493-14.646 13.907-20.8 23.261-20.554 15.877.37 21.539 12.431 21.539 19.2v20.062h-9.846v-19.938c0-4.308-1.97-15.508-12.062-15.754-9.846-.246-13.046 8.861-13.046 15.63 0 4.308.984 15.016 12.308 15.631 3.446.246 8.369-.738 9.723-1.969v3.569zM127.877 191.097c-1.354.492-4.923 1.23-8.985.246-4.554-1.231-12.184-3.2-12.184-18.954v-43.446h9.846v17.231h8.984v6.03h-8.984s.246 12.185 0 22.031c-.246 8.739 2.461 11.815 4.431 12.8 2.338 1.231 6.276.739 6.769.492v3.57h.123zM188.062 163.404c0-9.6 5.046-16.492 13.784-17.354 6.154-.615 8.492.493 8.492.493v3.938s-3.2-.861-6.892.123c-4.061 1.231-5.538 7.262-5.538 9.354v25.6h-9.846v-22.154zM243.077 182.481c-2.092 1.6-4.677 2.831-7.877 3.323-9.846 1.6-23.508-4.923-24-19.2-.492-14.646 13.908-20.8 23.262-20.554 15.876.37 21.538 12.431 21.538 19.2v20.062h-9.723v-19.938c0-4.308-1.969-15.508-12.062-15.754-9.846-.246-13.046 8.861-13.046 15.63 0 4.308.985 15.016 12.308 15.631 3.446.246 8.369-.738 9.723-1.969v3.569h-.123z\\" fill=\\"#FF6B0B\\"/><path d=\\"M175.754 35.528c-1.6 7.261-4.677 15.015-5.539 16.985-.123.369 0 .369.247.246 1.846-.862 9.846-4.8 18.338-8.493 8.492-3.569 24.369-3.569 20.308 14.031-4.062 17.477-24.616 27.816-26.708 28.923-1.969.985-4.431 2.093-5.415 2.708-.37.246-.616.492.123.738 2.215.616 9.477.123 9.477 3.2-.123 3.323-5.416 8.739-19.57 14.77-15.384 6.523-28.061 3.569-31.261 2.83-.123 0-.123 0-.246.123-.862.862-8 7.754-28.185 4.308-14.523-2.461-18.092-3.938-21.415-7.877-.985-1.108-1.6-3.2-.37-5.661.37-.616.37-.985-.123-1.108-21.907-4.554-35.2-18.339-40.123-27.077-2.461-4.43-1.723-7.385-.492-9.23 1.723-2.585 7.63-2.832 13.662-1.355 6.769 1.724 10.461 2.708 11.815 3.077.492.123.492 0 .246-.369-1.723-2.092-7.63-9.6-10.708-14.4-5.046-7.877-11.323-28.923 5.17-37.538C83.323 4.882 99.2 21.62 102.769 26.05c3.077 3.815 9.354 12.185 9.846 13.17.739 1.353 1.231.122 1.231.122s4.308-15.507 8.123-22.646c6.523-12.43 20.185-18.461 32-16.246 22.769 4.062 23.631 26.708 21.785 35.077zm-23.016-18.092c-12.8-3.939-20.676 5.538-24.369 17.477-2.954 9.6-3.569 12.184-5.292 17.23-2.462 7.016-8.369 7.631-12.923 2.093-5.292-6.4-12.185-15.754-16.123-20.308-5.17-6.03-17.6-11.077-23.877-3.323-9.477 11.692 3.077 24.861 9.723 32.738 4.554 5.539 10.215 9.354 8.37 12.554-.616 1.23-2.093 1.6-4.062 1.6-4.677 0-19.939-4.184-23.508-4.923-3.077-.615-5.292-.37-6.154 1.846-.985 2.708 2.83 10.462 12.8 15.631 9.846 5.046 25.846 7.63 27.446 8 5.785 1.23 4.677 4.061 3.323 5.538-1.353 1.477-2.954 2.339-2.584 3.816.861 3.692 8.738 4.431 13.415 5.169 4.554.738 10.462 1.108 14.646-.492 4.062-1.6 4.308-3.816 7.016-4.923 3.692-1.477 5.046-.123 13.046 1.353 5.169.985 14.154-.246 19.2-1.846 9.354-3.077 13.169-6.03 13.169-7.507 0-1.108-1.6-1.6-3.323-1.847-1.969-.246-8.739-1.353-10.954-2.83-2.338-1.477-.615-4.062 4.185-6.031 4.677-1.846 19.815-8.123 25.6-13.292 5.661-5.047 11.077-13.539 6.277-18.462-4.677-4.923-13.047.123-17.6 2.215-6.031 2.831-15.877 7.877-19.2 8.616-2.954.615-8.37.492-5.908-6.154 3.2-8.246 4.677-13.292 6.646-18.215 2.462-6.031 6.031-21.17-8.985-25.723z\\" fill=\\"url(#a)\\"/></g><defs><pattern id=\\"a\\" patternContentUnits=\\"userSpaceOnUse\\" width=\\"178\\" height=\\"119\\" patternUnits=\\"userSpaceOnUse\\" x=\\"38\\"><use xlink:href=\\"#b\\"/></pattern><image id=\\"b\\" width=\\"178\\" height=\\"119\\" xlink:href=\\"https://cdn.jsdelivr.net/npm/@naturacosmeticos/natds-themes@latest/dist/assets/natura-b-official-embed-image-0.png\\"/></defs></svg>"
    xmlns="http://www.w3.org/2000/svg"
    xmlnsXlink="http://www.w3.org/1999/xlink"
  >
    <RNSVGGroup
      fill={null}
      propList={
        Array [
          "fill",
        ]
      }
    >
      <RNSVGGroup
        clipPath="clip0"
      >
        <RNSVGPath
          d="M22.523 145.558c15.385 0 22.523 9.723 22.523 19.077v20.677h-9.723v-20.677c0-5.908-3.446-15.385-12.8-15.385-9.477 0-12.8 9.477-12.8 15.385v20.677H0v-20.677c0-9.354 7.138-19.077 22.523-19.077zM156.431 185.927c-15.385 0-22.523-9.723-22.523-19.077v-20.676h9.723v20.676c0 5.908 3.446 15.385 12.8 15.385 9.354 0 12.8-9.477 12.8-15.385v-20.676h9.723v20.676c0 9.354-7.139 19.077-22.523 19.077zM84.308 182.481c-2.093 1.6-4.677 2.831-7.877 3.323-9.846 1.6-23.508-4.923-24-19.2-.493-14.646 13.907-20.8 23.261-20.554 15.877.37 21.539 12.431 21.539 19.2v20.062h-9.846v-19.938c0-4.308-1.97-15.508-12.062-15.754-9.846-.246-13.046 8.861-13.046 15.63 0 4.308.984 15.016 12.308 15.631 3.446.246 8.369-.738 9.723-1.969v3.569zM127.877 191.097c-1.354.492-4.923 1.23-8.985.246-4.554-1.231-12.184-3.2-12.184-18.954v-43.446h9.846v17.231h8.984v6.03h-8.984s.246 12.185 0 22.031c-.246 8.739 2.461 11.815 4.431 12.8 2.338 1.231 6.276.739 6.769.492v3.57h.123zM188.062 163.404c0-9.6 5.046-16.492 13.784-17.354 6.154-.615 8.492.493 8.492.493v3.938s-3.2-.861-6.892.123c-4.061 1.231-5.538 7.262-5.538 9.354v25.6h-9.846v-22.154zM243.077 182.481c-2.092 1.6-4.677 2.831-7.877 3.323-9.846 1.6-23.508-4.923-24-19.2-.492-14.646 13.908-20.8 23.262-20.554 15.876.37 21.538 12.431 21.538 19.2v20.062h-9.723v-19.938c0-4.308-1.969-15.508-12.062-15.754-9.846-.246-13.046 8.861-13.046 15.63 0 4.308.985 15.016 12.308 15.631 3.446.246 8.369-.738 9.723-1.969v3.569h-.123z"
          fill={4294929163}
          propList={
            Array [
              "fill",
            ]
          }
        />
        <RNSVGPath
          d="M175.754 35.528c-1.6 7.261-4.677 15.015-5.539 16.985-.123.369 0 .369.247.246 1.846-.862 9.846-4.8 18.338-8.493 8.492-3.569 24.369-3.569 20.308 14.031-4.062 17.477-24.616 27.816-26.708 28.923-1.969.985-4.431 2.093-5.415 2.708-.37.246-.616.492.123.738 2.215.616 9.477.123 9.477 3.2-.123 3.323-5.416 8.739-19.57 14.77-15.384 6.523-28.061 3.569-31.261 2.83-.123 0-.123 0-.246.123-.862.862-8 7.754-28.185 4.308-14.523-2.461-18.092-3.938-21.415-7.877-.985-1.108-1.6-3.2-.37-5.661.37-.616.37-.985-.123-1.108-21.907-4.554-35.2-18.339-40.123-27.077-2.461-4.43-1.723-7.385-.492-9.23 1.723-2.585 7.63-2.832 13.662-1.355 6.769 1.724 10.461 2.708 11.815 3.077.492.123.492 0 .246-.369-1.723-2.092-7.63-9.6-10.708-14.4-5.046-7.877-11.323-28.923 5.17-37.538C83.323 4.882 99.2 21.62 102.769 26.05c3.077 3.815 9.354 12.185 9.846 13.17.739 1.353 1.231.122 1.231.122s4.308-15.507 8.123-22.646c6.523-12.43 20.185-18.461 32-16.246 22.769 4.062 23.631 26.708 21.785 35.077zm-23.016-18.092c-12.8-3.939-20.676 5.538-24.369 17.477-2.954 9.6-3.569 12.184-5.292 17.23-2.462 7.016-8.369 7.631-12.923 2.093-5.292-6.4-12.185-15.754-16.123-20.308-5.17-6.03-17.6-11.077-23.877-3.323-9.477 11.692 3.077 24.861 9.723 32.738 4.554 5.539 10.215 9.354 8.37 12.554-.616 1.23-2.093 1.6-4.062 1.6-4.677 0-19.939-4.184-23.508-4.923-3.077-.615-5.292-.37-6.154 1.846-.985 2.708 2.83 10.462 12.8 15.631 9.846 5.046 25.846 7.63 27.446 8 5.785 1.23 4.677 4.061 3.323 5.538-1.353 1.477-2.954 2.339-2.584 3.816.861 3.692 8.738 4.431 13.415 5.169 4.554.738 10.462 1.108 14.646-.492 4.062-1.6 4.308-3.816 7.016-4.923 3.692-1.477 5.046-.123 13.046 1.353 5.169.985 14.154-.246 19.2-1.846 9.354-3.077 13.169-6.03 13.169-7.507 0-1.108-1.6-1.6-3.323-1.847-1.969-.246-8.739-1.353-10.954-2.83-2.338-1.477-.615-4.062 4.185-6.031 4.677-1.846 19.815-8.123 25.6-13.292 5.661-5.047 11.077-13.539 6.277-18.462-4.677-4.923-13.047.123-17.6 2.215-6.031 2.831-15.877 7.877-19.2 8.616-2.954.615-8.37.492-5.908-6.154 3.2-8.246 4.677-13.292 6.646-18.215 2.462-6.031 6.031-21.17-8.985-25.723z"
          fill={
            Array [
              1,
              "a",
            ]
          }
          propList={
            Array [
              "fill",
            ]
          }
        />
      </RNSVGGroup>
      <RNSVGDefs>
        <RNSVGPattern
          height={119}
          matrix={
            Array [
              1,
              0,
              -0,
              1,
              38,
              0,
            ]
          }
          name="a"
          patternContentUnits={1}
          patternTransform={
            Array [
              1,
              0,
              -0,
              1,
              38,
              0,
            ]
          }
          patternUnits={1}
          width={178}
          x={38}
          y="0%"
        >
          <RNSVGUse
            height={0}
            href="b"
            width={0}
            x={0}
            y={0}
          />
        </RNSVGPattern>
        <RNSVGImage
          align="xMidYMid"
          height={119}
          meetOrSlice={0}
          name="b"
          src={
            Object {
              "uri": "https://cdn.jsdelivr.net/npm/@naturacosmeticos/natds-themes@latest/dist/assets/natura-b-official-embed-image-0.png",
            }
          }
          width={178}
          x={0}
          y={0}
        />
      </RNSVGDefs>
    </RNSVGGroup>
  </RNSVGSvgView>
</View>
`;

exports[`Logo component should render correctly with given size 1`] = `
<View
  style={
    Array [
      Object {
        "alignItems": "center",
        "flexBasis": 0,
        "flexGrow": 1,
        "flexShrink": 1,
        "justifyContent": "center",
      },
    ]
  }
>
  <RNSVGSvgView
    accessibilityRole="image"
    accessible={false}
    align="xMidYMid"
    bbHeight={10.3125}
    bbWidth={48}
    fill="none"
    focusable={false}
    height={10.3125}
    meetOrSlice={0}
    minX={0}
    minY={0}
    style={
      Array [
        Object {
          "backgroundColor": "transparent",
          "borderWidth": 0,
        },
        Object {
          "flex": 0,
          "height": 10,
          "width": 48,
        },
      ]
    }
    testID="logo"
    vbHeight={55}
    vbWidth={256}
    width={48}
    xml="<svg width=\\"48\\" height=\\"10.3125\\" viewBox=\\"0 0 256 55\\" fill=\\"none\\" xmlns=\\"http://www.w3.org/2000/svg\\" xmlns:xlink=\\"http://www.w3.org/1999/xlink\\"><path d=\\"M98.111 22.52c10.461 0 15.26 6.523 15.26 12.922v13.906h-6.645V35.442c0-3.938-2.339-10.337-8.615-10.337-6.399 0-8.614 6.399-8.614 10.337v13.906h-6.522V35.442c-.123-6.4 4.676-12.922 15.136-12.922zM188.686 49.717c-10.461 0-15.261-6.522-15.261-12.921V23.012h6.522V36.92c0 3.938 2.339 10.337 8.616 10.337 6.398 0 8.614-6.4 8.614-10.337V23.013h6.522v13.905c.123 6.277-4.676 12.799-15.013 12.799zM139.952 47.379c-1.354 1.107-3.199 1.969-5.291 2.215-6.646.984-15.875-3.323-16.245-12.922-.369-9.844 9.354-14.029 15.753-13.782 10.706.246 14.52 8.368 14.52 12.921v13.537h-6.645V35.934c0-2.953-1.354-10.46-8.122-10.583-6.645-.123-8.737 6.03-8.86 10.583 0 2.954.615 10.091 8.245 10.583 2.338.123 5.66-.492 6.522-1.353v2.215h.123zM169.364 53.163c-.861.369-3.322.861-6.03.123-3.077-.739-8.245-2.215-8.245-12.799V11.2h6.645v11.567h6.154v4.308h-6.154s.123 8.245 0 14.89c-.123 5.907 1.723 8 2.954 8.614 1.6.862 4.308.493 4.554.247v2.338h.122zM210.097 34.58c0-6.522 3.323-11.075 9.354-11.69 4.183-.37 5.66.369 5.66.369v2.584s-2.215-.615-4.677.123c-2.706.862-3.814 4.923-3.814 6.276v17.229h-6.523v-14.89zM247.263 47.379c-1.354 1.107-3.2 1.969-5.293 2.215-6.644.984-15.874-3.323-16.243-12.922-.369-9.844 9.352-14.029 15.751-13.782C252.185 23.136 256 31.258 256 35.81v13.537h-6.645V35.934c0-2.953-1.354-10.46-8.123-10.583-6.645-.123-8.737 6.03-8.86 10.583 0 2.954.615 10.091 8.246 10.583 2.337.123 5.66-.492 6.522-1.353v2.215h.123z\\" fill=\\"#FF6C0E\\"/><path d=\\"M35.965 23.628c.738-2.215 1.107-3.446 2.461-7.753 1.6-5.415 5.292-9.722 11.076-7.876 6.768 2.092 5.168 8.86 4.06 11.691-.86 2.215-1.599 4.553-3.076 8.245-1.107 2.954 1.354 3.077 2.708 2.83 1.476-.369 5.907-2.584 8.737-3.937 2.092-.985 5.907-3.2 8-.985 2.214 2.215-.247 6.03-2.831 8.368-2.585 2.338-9.476 5.169-11.568 6.03-2.092.862-2.954 2.092-1.846 2.708.984.615 4.061 1.23 5.045 1.23.739.123 1.477.246 1.477.862 0 .615-1.723 1.969-5.907 3.446-2.215.738-6.4 1.23-8.737.86-3.692-.614-4.184-1.23-5.907-.614-1.23.492-1.354 1.476-3.2 2.215-1.846.738-4.553.615-6.645.246-2.092-.37-5.661-.739-6.03-2.338-.123-.616.615-1.108 1.23-1.723.616-.616 1.108-1.97-1.476-2.462-1.108-.369-8.369-1.6-12.799-3.814-4.553-2.339-6.276-5.784-5.784-7.015.37-.984 1.354-1.108 2.83-.861 1.6.246 8.492 2.215 10.584 2.215.861 0 1.477-.123 1.846-.739.861-1.476-1.723-3.2-3.815-5.66-2.953-3.57-8.737-9.476-4.43-14.768 2.83-3.446 8.491-1.23 10.83 1.477 1.845 2.092 4.922 6.276 7.26 9.23.985 1.107 1.969 1.722 2.953 1.722 1.231-.246 2.338-1.107 2.954-2.83zm-.492-16.121c-1.723 3.2-3.692 10.214-3.692 10.214s-.123.492-.492-.123c-.247-.37-3.077-4.184-4.43-5.907-1.6-1.97-8.861-9.599-17.106-5.292-7.507 3.938-4.677 13.414-2.338 16.983 1.353 2.215 4.06 5.538 4.799 6.522.123.123.123.246-.123.123-.615-.123-2.338-.615-5.415-1.354-2.707-.738-5.415-.615-6.153.616-.615.861-.861 2.215.246 4.184 2.215 3.938 8.245 10.214 18.213 12.183.246 0 .123.246 0 .492-.615 1.108-.246 1.97.123 2.585 1.477 1.723 3.077 2.46 9.722 3.568 9.107 1.6 12.43-1.476 12.799-1.969h.123c1.477.37 7.26 1.723 14.152-1.23 6.4-2.707 8.86-5.169 8.86-6.646 0-1.353-3.322-1.23-4.307-1.476-.246-.123-.246-.246 0-.37.492-.246 1.6-.738 2.462-1.23.984-.492 10.214-5.169 12.06-13.045s-5.292-7.999-9.23-6.276c-3.815 1.6-7.507 3.446-8.368 3.815-.123 0-.123 0-.123-.123.369-.861 1.722-4.43 2.46-7.63.862-3.692.493-14.029-9.721-15.875A11.039 11.039 0 0 0 47.779 0c-4.677 0-9.722 2.707-12.306 7.507z\\" fill=\\"url(#a)\\"/><defs><pattern id=\\"a\\" patternContentUnits=\\"objectBoundingBox\\" width=\\"1\\" height=\\"1\\"><use xlink:href=\\"#b\\" transform=\\"matrix(.01299 0 0 .01853 0 0)\\"/></pattern><image id=\\"b\\" width=\\"77\\" height=\\"54\\" xlink:href=\\"https://cdn.jsdelivr.net/npm/@naturacosmeticos/natds-themes@latest/dist/assets/natura-a-official-embed-image-0.png\\"/></defs></svg>"
    xmlns="http://www.w3.org/2000/svg"
    xmlnsXlink="http://www.w3.org/1999/xlink"
  >
    <RNSVGGroup
      fill={null}
      propList={
        Array [
          "fill",
        ]
      }
    >
      <RNSVGPath
        d="M98.111 22.52c10.461 0 15.26 6.523 15.26 12.922v13.906h-6.645V35.442c0-3.938-2.339-10.337-8.615-10.337-6.399 0-8.614 6.399-8.614 10.337v13.906h-6.522V35.442c-.123-6.4 4.676-12.922 15.136-12.922zM188.686 49.717c-10.461 0-15.261-6.522-15.261-12.921V23.012h6.522V36.92c0 3.938 2.339 10.337 8.616 10.337 6.398 0 8.614-6.4 8.614-10.337V23.013h6.522v13.905c.123 6.277-4.676 12.799-15.013 12.799zM139.952 47.379c-1.354 1.107-3.199 1.969-5.291 2.215-6.646.984-15.875-3.323-16.245-12.922-.369-9.844 9.354-14.029 15.753-13.782 10.706.246 14.52 8.368 14.52 12.921v13.537h-6.645V35.934c0-2.953-1.354-10.46-8.122-10.583-6.645-.123-8.737 6.03-8.86 10.583 0 2.954.615 10.091 8.245 10.583 2.338.123 5.66-.492 6.522-1.353v2.215h.123zM169.364 53.163c-.861.369-3.322.861-6.03.123-3.077-.739-8.245-2.215-8.245-12.799V11.2h6.645v11.567h6.154v4.308h-6.154s.123 8.245 0 14.89c-.123 5.907 1.723 8 2.954 8.614 1.6.862 4.308.493 4.554.247v2.338h.122zM210.097 34.58c0-6.522 3.323-11.075 9.354-11.69 4.183-.37 5.66.369 5.66.369v2.584s-2.215-.615-4.677.123c-2.706.862-3.814 4.923-3.814 6.276v17.229h-6.523v-14.89zM247.263 47.379c-1.354 1.107-3.2 1.969-5.293 2.215-6.644.984-15.874-3.323-16.243-12.922-.369-9.844 9.352-14.029 15.751-13.782C252.185 23.136 256 31.258 256 35.81v13.537h-6.645V35.934c0-2.953-1.354-10.46-8.123-10.583-6.645-.123-8.737 6.03-8.86 10.583 0 2.954.615 10.091 8.246 10.583 2.337.123 5.66-.492 6.522-1.353v2.215h.123z"
        fill={4294929422}
        propList={
          Array [
            "fill",
          ]
        }
      />
      <RNSVGPath
        d="M35.965 23.628c.738-2.215 1.107-3.446 2.461-7.753 1.6-5.415 5.292-9.722 11.076-7.876 6.768 2.092 5.168 8.86 4.06 11.691-.86 2.215-1.599 4.553-3.076 8.245-1.107 2.954 1.354 3.077 2.708 2.83 1.476-.369 5.907-2.584 8.737-3.937 2.092-.985 5.907-3.2 8-.985 2.214 2.215-.247 6.03-2.831 8.368-2.585 2.338-9.476 5.169-11.568 6.03-2.092.862-2.954 2.092-1.846 2.708.984.615 4.061 1.23 5.045 1.23.739.123 1.477.246 1.477.862 0 .615-1.723 1.969-5.907 3.446-2.215.738-6.4 1.23-8.737.86-3.692-.614-4.184-1.23-5.907-.614-1.23.492-1.354 1.476-3.2 2.215-1.846.738-4.553.615-6.645.246-2.092-.37-5.661-.739-6.03-2.338-.123-.616.615-1.108 1.23-1.723.616-.616 1.108-1.97-1.476-2.462-1.108-.369-8.369-1.6-12.799-3.814-4.553-2.339-6.276-5.784-5.784-7.015.37-.984 1.354-1.108 2.83-.861 1.6.246 8.492 2.215 10.584 2.215.861 0 1.477-.123 1.846-.739.861-1.476-1.723-3.2-3.815-5.66-2.953-3.57-8.737-9.476-4.43-14.768 2.83-3.446 8.491-1.23 10.83 1.477 1.845 2.092 4.922 6.276 7.26 9.23.985 1.107 1.969 1.722 2.953 1.722 1.231-.246 2.338-1.107 2.954-2.83zm-.492-16.121c-1.723 3.2-3.692 10.214-3.692 10.214s-.123.492-.492-.123c-.247-.37-3.077-4.184-4.43-5.907-1.6-1.97-8.861-9.599-17.106-5.292-7.507 3.938-4.677 13.414-2.338 16.983 1.353 2.215 4.06 5.538 4.799 6.522.123.123.123.246-.123.123-.615-.123-2.338-.615-5.415-1.354-2.707-.738-5.415-.615-6.153.616-.615.861-.861 2.215.246 4.184 2.215 3.938 8.245 10.214 18.213 12.183.246 0 .123.246 0 .492-.615 1.108-.246 1.97.123 2.585 1.477 1.723 3.077 2.46 9.722 3.568 9.107 1.6 12.43-1.476 12.799-1.969h.123c1.477.37 7.26 1.723 14.152-1.23 6.4-2.707 8.86-5.169 8.86-6.646 0-1.353-3.322-1.23-4.307-1.476-.246-.123-.246-.246 0-.37.492-.246 1.6-.738 2.462-1.23.984-.492 10.214-5.169 12.06-13.045s-5.292-7.999-9.23-6.276c-3.815 1.6-7.507 3.446-8.368 3.815-.123 0-.123 0-.123-.123.369-.861 1.722-4.43 2.46-7.63.862-3.692.493-14.029-9.721-15.875A11.039 11.039 0 0 0 47.779 0c-4.677 0-9.722 2.707-12.306 7.507z"
        fill={
          Array [
            1,
            "a",
          ]
        }
        propList={
          Array [
            "fill",
          ]
        }
      />
      <RNSVGDefs>
        <RNSVGPattern
          height={1}
          matrix={
            Array [
              1,
              0,
              0,
              1,
              0,
              0,
            ]
          }
          name="a"
          patternContentUnits={0}
          patternTransform={
            Array [
              1,
              0,
              0,
              1,
              0,
              0,
            ]
          }
          patternUnits={0}
          width={1}
          x="0%"
          y="0%"
        >
          <RNSVGUse
            height={0}
            href="b"
            matrix={
              Array [
                0.01299,
                0,
                0,
                0.01853,
                0,
                0,
              ]
            }
            width={0}
            x={0}
            y={0}
          />
        </RNSVGPattern>
        <RNSVGImage
          align="xMidYMid"
          height={54}
          meetOrSlice={0}
          name="b"
          src={
            Object {
              "uri": "https://cdn.jsdelivr.net/npm/@naturacosmeticos/natds-themes@latest/dist/assets/natura-a-official-embed-image-0.png",
            }
          }
          width={77}
          x={0}
          y={0}
        />
      </RNSVGDefs>
    </RNSVGGroup>
  </RNSVGSvgView>
</View>
`;
